
> resume-ats-frontend@1.0.0 build
> react-scripts build

Creating an optimized production build...
Compiled successfully.

File sizes after gzip:

  84.39 kB  build\static\js\main.963a4ceb.js
  7.44 kB   build\static\css\main.3db8ae35.css

The project was built assuming it is hosted at /.
You can control this with the homepage field in your package.json.

The build folder is ready to be deployed.
You may serve it with a static server:

  npm install -g serve
  serve -s build

Find out more about deployment here:

  https://cra.link/deployment

